# Start observing
{ "currentTime": "", "temperatures": [], "humidities": [], "pressures": [] }
Weather changed
{ "currentTime": "", "temperatures": [0.85], "humidities": [23.3], "pressures": [1015.0] }
Weather changed
{ "currentTime": "", "temperatures": [0.85, 0.83], "humidities": [23.3, 25.6], "pressures": [1015.0, 1012.0] }
# Stop observing
Weather changed
{ "currentTime": "", "temperatures": [0.85, 0.83], "humidities": [23.3, 25.6], "pressures": [1015.0, 1012.0] }
